[INFO] Scanning for projects...
[INFO] 
[INFO] --------------------------< com.example:demo >--------------------------
[INFO] Building demo 0.0.1-SNAPSHOT
[INFO]   from pom.xml
[INFO] --------------------------------[ jar ]---------------------------------
[INFO] 
[INFO] --- clean:3.5.0:clean (default-clean) @ demo ---
[INFO] Deleting /Users/alfreddey/IdeaProjects/amali/blogging-platform-v3/target
[INFO] 
[INFO] --- jacoco:0.8.10:prepare-agent (prepare-agent) @ demo ---
[INFO] argLine set to -javaagent:/Users/alfreddey/.m2/repository/org/jacoco/org.jacoco.agent/0.8.10/org.jacoco.agent-0.8.10-runtime.jar=destfile=/Users/alfreddey/IdeaProjects/amali/blogging-platform-v3/target/jacoco.exec
[INFO] 
[INFO] --- resources:3.3.1:resources (default-resources) @ demo ---
[INFO] Copying 4 resources from src/main/resources to target/classes
[INFO] Copying 3 resources from src/main/resources to target/classes
[INFO] 
[INFO] --- compiler:3.11.0:compile (default-compile) @ demo ---
[INFO] Changes detected - recompiling the module! :source
[INFO] Compiling 50 source files with javac [debug release 17] to target/classes
[INFO] /Users/alfreddey/IdeaProjects/amali/blogging-platform-v3/src/main/java/com/example/demo/config/GraphQLVoidScalar.java: /Users/alfreddey/IdeaProjects/amali/blogging-platform-v3/src/main/java/com/example/demo/config/GraphQLVoidScalar.java uses or overrides a deprecated API.
[INFO] /Users/alfreddey/IdeaProjects/amali/blogging-platform-v3/src/main/java/com/example/demo/config/GraphQLVoidScalar.java: Recompile with -Xlint:deprecation for details.
[INFO] -------------------------------------------------------------
[ERROR] COMPILATION ERROR : 
[INFO] -------------------------------------------------------------
[ERROR] /Users/alfreddey/IdeaProjects/amali/blogging-platform-v3/src/main/java/com/example/demo/controller/PostGraphQLController.java:[49,77] cannot find symbol
  symbol:   method getContent()
  location: variable input of type com.example.demo.dto.PostRequest
[ERROR] /Users/alfreddey/IdeaProjects/amali/blogging-platform-v3/src/main/java/com/example/demo/utils/BinarySearchPostCacheImpl.java:[27,37] cannot find symbol
  symbol:   method getTitle()
  location: variable midPost of type com.example.demo.model.Post
[ERROR] /Users/alfreddey/IdeaProjects/amali/blogging-platform-v3/src/main/java/com/example/demo/mapper/MongoUserMapper.java:[20,31] cannot find symbol
  symbol:   method getId()
  location: variable user of type com.example.demo.model.User
[ERROR] /Users/alfreddey/IdeaProjects/amali/blogging-platform-v3/src/main/java/com/example/demo/mapper/MongoUserMapper.java:[21,34] cannot find symbol
  symbol:   method getEmail()
  location: variable user of type com.example.demo.model.User
[ERROR] /Users/alfreddey/IdeaProjects/amali/blogging-platform-v3/src/main/java/com/example/demo/mapper/MongoUserMapper.java:[22,33] cannot find symbol
  symbol:   method getName()
  location: variable user of type com.example.demo.model.User
[ERROR] /Users/alfreddey/IdeaProjects/amali/blogging-platform-v3/src/main/java/com/example/demo/mapper/MongoUserMapper.java:[44,37] cannot find symbol
  symbol:   method getName()
  location: variable user of type com.example.demo.model.User
[ERROR] /Users/alfreddey/IdeaProjects/amali/blogging-platform-v3/src/main/java/com/example/demo/mapper/MongoUserMapper.java:[45,38] cannot find symbol
  symbol:   method getEmail()
  location: variable user of type com.example.demo.model.User
[ERROR] /Users/alfreddey/IdeaProjects/amali/blogging-platform-v3/src/main/java/com/example/demo/mapper/MongoUserMapper.java:[46,41] cannot find symbol
  symbol:   method getPassword()
  location: variable user of type com.example.demo.model.User
[ERROR] /Users/alfreddey/IdeaProjects/amali/blogging-platform-v3/src/main/java/com/example/demo/mapper/MongoUserMapper.java:[54,13] cannot find symbol
  symbol:   method setId(java.lang.String)
  location: variable user of type com.example.demo.model.User
[ERROR] /Users/alfreddey/IdeaProjects/amali/blogging-platform-v3/src/main/java/com/example/demo/mapper/MongoUserMapper.java:[55,13] cannot find symbol
  symbol:   method setName(java.lang.String)
  location: variable user of type com.example.demo.model.User
[ERROR] /Users/alfreddey/IdeaProjects/amali/blogging-platform-v3/src/main/java/com/example/demo/mapper/MongoUserMapper.java:[56,13] cannot find symbol
  symbol:   method setEmail(java.lang.String)
  location: variable user of type com.example.demo.model.User
[ERROR] /Users/alfreddey/IdeaProjects/amali/blogging-platform-v3/src/main/java/com/example/demo/mapper/MongoUserMapper.java:[57,13] cannot find symbol
  symbol:   method setPassword(java.lang.String)
  location: variable user of type com.example.demo.model.User
[ERROR] /Users/alfreddey/IdeaProjects/amali/blogging-platform-v3/src/main/java/com/example/demo/cache/MapBasedPostCache.java:[18,17] cannot find symbol
  symbol:   method getId()
  location: variable item of type com.example.demo.model.Post
[ERROR] /Users/alfreddey/IdeaProjects/amali/blogging-platform-v3/src/main/java/com/example/demo/cache/MapBasedPostCache.java:[24,23] constructor PostCacheEntry in class com.example.demo.cache.PostCacheEntry cannot be applied to given types;
  required: no arguments
  found:    com.example.demo.model.Post,long
  reason: actual and formal argument lists differ in length
[ERROR] /Users/alfreddey/IdeaProjects/amali/blogging-platform-v3/src/main/java/com/example/demo/cache/MapBasedPostCache.java:[35,27] cannot find symbol
  symbol:   method getExpiryTime()
  location: variable postCacheEntry of type com.example.demo.cache.PostCacheEntry
[ERROR] /Users/alfreddey/IdeaProjects/amali/blogging-platform-v3/src/main/java/com/example/demo/cache/MapBasedPostCache.java:[39,30] cannot find symbol
  symbol:   method getPost()
  location: variable postCacheEntry of type com.example.demo.cache.PostCacheEntry
[ERROR] /Users/alfreddey/IdeaProjects/amali/blogging-platform-v3/src/main/java/com/example/demo/cache/MapBasedPostCache.java:[44,57] cannot find symbol
  symbol:   method getExpiryTime()
  location: variable cacheEntry of type com.example.demo.cache.PostCacheEntry
[ERROR] /Users/alfreddey/IdeaProjects/amali/blogging-platform-v3/src/main/java/com/example/demo/cache/MapBasedPostCache.java:[46,60] invalid method reference
  cannot find symbol
    symbol:   method getPost()
    location: class com.example.demo.cache.PostCacheEntry
[ERROR] /Users/alfreddey/IdeaProjects/amali/blogging-platform-v3/src/main/java/com/example/demo/mapper/MongoCommentMapper.java:[18,39] cannot find symbol
  symbol:   method getId()
  location: variable comment of type com.example.demo.model.Comment
[ERROR] /Users/alfreddey/IdeaProjects/amali/blogging-platform-v3/src/main/java/com/example/demo/mapper/MongoCommentMapper.java:[18,65] cannot find symbol
  symbol:   method getId()
  location: variable comment of type com.example.demo.model.Comment
[ERROR] /Users/alfreddey/IdeaProjects/amali/blogging-platform-v3/src/main/java/com/example/demo/mapper/MongoCommentMapper.java:[19,47] cannot find symbol
  symbol:   method getAuthorEmail()
  location: variable comment of type com.example.demo.model.Comment
[ERROR] /Users/alfreddey/IdeaProjects/amali/blogging-platform-v3/src/main/java/com/example/demo/mapper/MongoCommentMapper.java:[20,40] cannot find symbol
  symbol:   method getText()
  location: variable comment of type com.example.demo.model.Comment
[ERROR] /Users/alfreddey/IdeaProjects/amali/blogging-platform-v3/src/main/java/com/example/demo/mapper/MongoCommentMapper.java:[31,39] cannot find symbol
  symbol:   method getAuthorEmail()
  location: variable request of type com.example.demo.dto.CommentRequest
[ERROR] /Users/alfreddey/IdeaProjects/amali/blogging-platform-v3/src/main/java/com/example/demo/mapper/MongoCommentMapper.java:[32,32] cannot find symbol
  symbol:   method getText()
  location: variable request of type com.example.demo.dto.CommentRequest
[ERROR] /Users/alfreddey/IdeaProjects/amali/blogging-platform-v3/src/main/java/com/example/demo/mapper/MongoCommentMapper.java:[41,31] cannot find symbol
  symbol:   method getId()
  location: variable comment of type com.example.demo.model.Comment
[ERROR] /Users/alfreddey/IdeaProjects/amali/blogging-platform-v3/src/main/java/com/example/demo/mapper/MongoCommentMapper.java:[42,33] cannot find symbol
  symbol:   method getText()
  location: variable comment of type com.example.demo.model.Comment
[ERROR] /Users/alfreddey/IdeaProjects/amali/blogging-platform-v3/src/main/java/com/example/demo/mapper/MongoCommentMapper.java:[43,40] cannot find symbol
  symbol:   method getAuthorEmail()
  location: variable comment of type com.example.demo.model.Comment
[ERROR] /Users/alfreddey/IdeaProjects/amali/blogging-platform-v3/src/main/java/com/example/demo/mapper/MongoCommentMapper.java:[44,38] cannot find symbol
  symbol:   method getCreatedAt()
  location: variable comment of type com.example.demo.model.Comment
[ERROR] /Users/alfreddey/IdeaProjects/amali/blogging-platform-v3/src/main/java/com/example/demo/mapper/MongoPostMapper.java:[21,28] cannot find symbol
  symbol:   method getId()
  location: variable post of type com.example.demo.model.Post
[ERROR] /Users/alfreddey/IdeaProjects/amali/blogging-platform-v3/src/main/java/com/example/demo/mapper/MongoPostMapper.java:[22,31] cannot find symbol
  symbol:   method getTitle()
  location: variable post of type com.example.demo.model.Post
[ERROR] /Users/alfreddey/IdeaProjects/amali/blogging-platform-v3/src/main/java/com/example/demo/mapper/MongoPostMapper.java:[23,33] cannot find symbol
  symbol:   method getContent()
  location: variable post of type com.example.demo.model.Post
[ERROR] /Users/alfreddey/IdeaProjects/amali/blogging-platform-v3/src/main/java/com/example/demo/mapper/MongoPostMapper.java:[24,37] cannot find symbol
  symbol:   method getAuthorEmail()
  location: variable post of type com.example.demo.model.Post
[ERROR] /Users/alfreddey/IdeaProjects/amali/blogging-platform-v3/src/main/java/com/example/demo/mapper/MongoPostMapper.java:[25,30] cannot find symbol
  symbol:   method getTags()
  location: variable post of type com.example.demo.model.Post
[ERROR] /Users/alfreddey/IdeaProjects/amali/blogging-platform-v3/src/main/java/com/example/demo/mapper/MongoPostMapper.java:[26,35] cannot find symbol
  symbol:   method getCreatedAt()
  location: variable post of type com.example.demo.model.Post
[ERROR] /Users/alfreddey/IdeaProjects/amali/blogging-platform-v3/src/main/java/com/example/demo/mapper/MongoPostMapper.java:[35,30] cannot find symbol
  symbol:   method getTitle()
  location: variable request of type com.example.demo.dto.PostRequest
[ERROR] /Users/alfreddey/IdeaProjects/amali/blogging-platform-v3/src/main/java/com/example/demo/mapper/MongoPostMapper.java:[36,32] cannot find symbol
  symbol:   method getContent()
  location: variable request of type com.example.demo.dto.PostRequest
[ERROR] /Users/alfreddey/IdeaProjects/amali/blogging-platform-v3/src/main/java/com/example/demo/mapper/MongoPostMapper.java:[37,36] cannot find symbol
  symbol:   method getAuthorEmail()
  location: variable request of type com.example.demo.dto.PostRequest
[ERROR] /Users/alfreddey/IdeaProjects/amali/blogging-platform-v3/src/main/java/com/example/demo/mapper/MongoPostMapper.java:[38,13] cannot find symbol
  symbol:   method setTags(request.ge[...]ist())
  location: variable post of type com.example.demo.model.Post
[ERROR] /Users/alfreddey/IdeaProjects/amali/blogging-platform-v3/src/main/java/com/example/demo/mapper/MongoPostMapper.java:[38,29] cannot find symbol
  symbol:   method getTags()
  location: variable request of type com.example.demo.dto.PostRequest
[ERROR] /Users/alfreddey/IdeaProjects/amali/blogging-platform-v3/src/main/java/com/example/demo/mapper/MongoPostMapper.java:[38,57] cannot find symbol
  symbol:   method getTags()
  location: variable request of type com.example.demo.dto.PostRequest
[ERROR] /Users/alfreddey/IdeaProjects/amali/blogging-platform-v3/src/main/java/com/example/demo/mapper/MongoPostMapper.java:[39,13] cannot find symbol
  symbol:   method setComments(java.util.List<java.lang.Object>)
  location: variable post of type com.example.demo.model.Post
[ERROR] /Users/alfreddey/IdeaProjects/amali/blogging-platform-v3/src/main/java/com/example/demo/mapper/MongoPostMapper.java:[47,13] cannot find symbol
  symbol:   method setId(java.lang.String)
  location: variable post of type com.example.demo.model.Post
[ERROR] /Users/alfreddey/IdeaProjects/amali/blogging-platform-v3/src/main/java/com/example/demo/mapper/MongoPostMapper.java:[48,13] cannot find symbol
  symbol:   method setTitle(java.lang.String)
  location: variable post of type com.example.demo.model.Post
[ERROR] /Users/alfreddey/IdeaProjects/amali/blogging-platform-v3/src/main/java/com/example/demo/mapper/MongoPostMapper.java:[49,13] cannot find symbol
  symbol:   method setContent(java.lang.String)
  location: variable post of type com.example.demo.model.Post
[ERROR] /Users/alfreddey/IdeaProjects/amali/blogging-platform-v3/src/main/java/com/example/demo/mapper/MongoPostMapper.java:[50,13] cannot find symbol
  symbol:   method setAuthorEmail(java.lang.String)
  location: variable post of type com.example.demo.model.Post
[ERROR] /Users/alfreddey/IdeaProjects/amali/blogging-platform-v3/src/main/java/com/example/demo/mapper/MongoPostMapper.java:[51,13] cannot find symbol
  symbol:   method setCreatedAt(java.util.Date)
  location: variable post of type com.example.demo.model.Post
[ERROR] /Users/alfreddey/IdeaProjects/amali/blogging-platform-v3/src/main/java/com/example/demo/mapper/MongoPostMapper.java:[55,13] cannot find symbol
  symbol:   method setTags(tags != nu[...]ist())
  location: variable post of type com.example.demo.model.Post
[ERROR] /Users/alfreddey/IdeaProjects/amali/blogging-platform-v3/src/main/java/com/example/demo/mapper/MongoPostMapper.java:[66,17] cannot find symbol
  symbol:   method setComments(java.util.ArrayList<com.example.demo.model.Comment>)
  location: variable post of type com.example.demo.model.Post
[ERROR] /Users/alfreddey/IdeaProjects/amali/blogging-platform-v3/src/main/java/com/example/demo/mapper/MongoPostMapper.java:[68,17] cannot find symbol
  symbol:   method setComments(java.util.List<java.lang.Object>)
  location: variable post of type com.example.demo.model.Post
[ERROR] /Users/alfreddey/IdeaProjects/amali/blogging-platform-v3/src/main/java/com/example/demo/mapper/MongoPostMapper.java:[77,38] cannot find symbol
  symbol:   method getTitle()
  location: variable post of type com.example.demo.model.Post
[ERROR] /Users/alfreddey/IdeaProjects/amali/blogging-platform-v3/src/main/java/com/example/demo/mapper/MongoPostMapper.java:[78,40] cannot find symbol
  symbol:   method getContent()
  location: variable post of type com.example.demo.model.Post
[ERROR] /Users/alfreddey/IdeaProjects/amali/blogging-platform-v3/src/main/java/com/example/demo/mapper/MongoPostMapper.java:[79,44] cannot find symbol
  symbol:   method getAuthorEmail()
  location: variable post of type com.example.demo.model.Post
[ERROR] /Users/alfreddey/IdeaProjects/amali/blogging-platform-v3/src/main/java/com/example/demo/mapper/MongoPostMapper.java:[80,37] cannot find symbol
  symbol:   method getTags()
  location: variable post of type com.example.demo.model.Post
[ERROR] /Users/alfreddey/IdeaProjects/amali/blogging-platform-v3/src/main/java/com/example/demo/mapper/MongoPostMapper.java:[82,31] cannot find symbol
  symbol:   method getComments()
  location: variable post of type com.example.demo.model.Post
[ERROR] /Users/alfreddey/IdeaProjects/amali/blogging-platform-v3/src/main/java/com/example/demo/mapper/MongoPostMapper.java:[98,16] cannot find symbol
  symbol:   method setId(java.lang.String)
  location: variable comment of type com.example.demo.model.Comment
[ERROR] /Users/alfreddey/IdeaProjects/amali/blogging-platform-v3/src/main/java/com/example/demo/mapper/MongoPostMapper.java:[99,16] cannot find symbol
  symbol:   method setAuthorEmail(java.lang.String)
  location: variable comment of type com.example.demo.model.Comment
[ERROR] /Users/alfreddey/IdeaProjects/amali/blogging-platform-v3/src/main/java/com/example/demo/mapper/MongoPostMapper.java:[100,16] cannot find symbol
  symbol:   method setText(java.lang.String)
  location: variable comment of type com.example.demo.model.Comment
[ERROR] /Users/alfreddey/IdeaProjects/amali/blogging-platform-v3/src/main/java/com/example/demo/controller/PostRestController.java:[82,65] cannot find symbol
  symbol:   method getContent()
  location: variable request of type com.example.demo.dto.PostRequest
[ERROR] /Users/alfreddey/IdeaProjects/amali/blogging-platform-v3/src/main/java/com/example/demo/utils/PostSorts.java:[29,28] cannot find symbol
  symbol:   method getTitle()
  location: class com.example.demo.model.Post
[ERROR] /Users/alfreddey/IdeaProjects/amali/blogging-platform-v3/src/main/java/com/example/demo/utils/PostSorts.java:[29,62] cannot find symbol
  symbol:   method getTitle()
  location: class com.example.demo.model.Post
[INFO] 60 errors 
[INFO] -------------------------------------------------------------
[INFO] ------------------------------------------------------------------------
[INFO] BUILD FAILURE
[INFO] ------------------------------------------------------------------------
[INFO] Total time:  0.798 s
[INFO] Finished at: 2026-02-11T20:05:51Z
[INFO] ------------------------------------------------------------------------
[ERROR] Failed to execute goal org.apache.maven.plugins:maven-compiler-plugin:3.11.0:compile (default-compile) on project demo: Compilation failure: Compilation failure: 
[ERROR] /Users/alfreddey/IdeaProjects/amali/blogging-platform-v3/src/main/java/com/example/demo/controller/PostGraphQLController.java:[49,77] cannot find symbol
[ERROR]   symbol:   method getContent()
[ERROR]   location: variable input of type com.example.demo.dto.PostRequest
[ERROR] /Users/alfreddey/IdeaProjects/amali/blogging-platform-v3/src/main/java/com/example/demo/utils/BinarySearchPostCacheImpl.java:[27,37] cannot find symbol
[ERROR]   symbol:   method getTitle()
[ERROR]   location: variable midPost of type com.example.demo.model.Post
[ERROR] /Users/alfreddey/IdeaProjects/amali/blogging-platform-v3/src/main/java/com/example/demo/mapper/MongoUserMapper.java:[20,31] cannot find symbol
[ERROR]   symbol:   method getId()
[ERROR]   location: variable user of type com.example.demo.model.User
[ERROR] /Users/alfreddey/IdeaProjects/amali/blogging-platform-v3/src/main/java/com/example/demo/mapper/MongoUserMapper.java:[21,34] cannot find symbol
[ERROR]   symbol:   method getEmail()
[ERROR]   location: variable user of type com.example.demo.model.User
[ERROR] /Users/alfreddey/IdeaProjects/amali/blogging-platform-v3/src/main/java/com/example/demo/mapper/MongoUserMapper.java:[22,33] cannot find symbol
[ERROR]   symbol:   method getName()
[ERROR]   location: variable user of type com.example.demo.model.User
[ERROR] /Users/alfreddey/IdeaProjects/amali/blogging-platform-v3/src/main/java/com/example/demo/mapper/MongoUserMapper.java:[44,37] cannot find symbol
[ERROR]   symbol:   method getName()
[ERROR]   location: variable user of type com.example.demo.model.User
[ERROR] /Users/alfreddey/IdeaProjects/amali/blogging-platform-v3/src/main/java/com/example/demo/mapper/MongoUserMapper.java:[45,38] cannot find symbol
[ERROR]   symbol:   method getEmail()
[ERROR]   location: variable user of type com.example.demo.model.User
[ERROR] /Users/alfreddey/IdeaProjects/amali/blogging-platform-v3/src/main/java/com/example/demo/mapper/MongoUserMapper.java:[46,41] cannot find symbol
[ERROR]   symbol:   method getPassword()
[ERROR]   location: variable user of type com.example.demo.model.User
[ERROR] /Users/alfreddey/IdeaProjects/amali/blogging-platform-v3/src/main/java/com/example/demo/mapper/MongoUserMapper.java:[54,13] cannot find symbol
[ERROR]   symbol:   method setId(java.lang.String)
[ERROR]   location: variable user of type com.example.demo.model.User
[ERROR] /Users/alfreddey/IdeaProjects/amali/blogging-platform-v3/src/main/java/com/example/demo/mapper/MongoUserMapper.java:[55,13] cannot find symbol
[ERROR]   symbol:   method setName(java.lang.String)
[ERROR]   location: variable user of type com.example.demo.model.User
[ERROR] /Users/alfreddey/IdeaProjects/amali/blogging-platform-v3/src/main/java/com/example/demo/mapper/MongoUserMapper.java:[56,13] cannot find symbol
[ERROR]   symbol:   method setEmail(java.lang.String)
[ERROR]   location: variable user of type com.example.demo.model.User
[ERROR] /Users/alfreddey/IdeaProjects/amali/blogging-platform-v3/src/main/java/com/example/demo/mapper/MongoUserMapper.java:[57,13] cannot find symbol
[ERROR]   symbol:   method setPassword(java.lang.String)
[ERROR]   location: variable user of type com.example.demo.model.User
[ERROR] /Users/alfreddey/IdeaProjects/amali/blogging-platform-v3/src/main/java/com/example/demo/cache/MapBasedPostCache.java:[18,17] cannot find symbol
[ERROR]   symbol:   method getId()
[ERROR]   location: variable item of type com.example.demo.model.Post
[ERROR] /Users/alfreddey/IdeaProjects/amali/blogging-platform-v3/src/main/java/com/example/demo/cache/MapBasedPostCache.java:[24,23] constructor PostCacheEntry in class com.example.demo.cache.PostCacheEntry cannot be applied to given types;
[ERROR]   required: no arguments
[ERROR]   found:    com.example.demo.model.Post,long
[ERROR]   reason: actual and formal argument lists differ in length
[ERROR] /Users/alfreddey/IdeaProjects/amali/blogging-platform-v3/src/main/java/com/example/demo/cache/MapBasedPostCache.java:[35,27] cannot find symbol
[ERROR]   symbol:   method getExpiryTime()
[ERROR]   location: variable postCacheEntry of type com.example.demo.cache.PostCacheEntry
[ERROR] /Users/alfreddey/IdeaProjects/amali/blogging-platform-v3/src/main/java/com/example/demo/cache/MapBasedPostCache.java:[39,30] cannot find symbol
[ERROR]   symbol:   method getPost()
[ERROR]   location: variable postCacheEntry of type com.example.demo.cache.PostCacheEntry
[ERROR] /Users/alfreddey/IdeaProjects/amali/blogging-platform-v3/src/main/java/com/example/demo/cache/MapBasedPostCache.java:[44,57] cannot find symbol
[ERROR]   symbol:   method getExpiryTime()
[ERROR]   location: variable cacheEntry of type com.example.demo.cache.PostCacheEntry
[ERROR] /Users/alfreddey/IdeaProjects/amali/blogging-platform-v3/src/main/java/com/example/demo/cache/MapBasedPostCache.java:[46,60] invalid method reference
[ERROR]   cannot find symbol
[ERROR]     symbol:   method getPost()
[ERROR]     location: class com.example.demo.cache.PostCacheEntry
[ERROR] /Users/alfreddey/IdeaProjects/amali/blogging-platform-v3/src/main/java/com/example/demo/mapper/MongoCommentMapper.java:[18,39] cannot find symbol
[ERROR]   symbol:   method getId()
[ERROR]   location: variable comment of type com.example.demo.model.Comment
[ERROR] /Users/alfreddey/IdeaProjects/amali/blogging-platform-v3/src/main/java/com/example/demo/mapper/MongoCommentMapper.java:[18,65] cannot find symbol
[ERROR]   symbol:   method getId()
[ERROR]   location: variable comment of type com.example.demo.model.Comment
[ERROR] /Users/alfreddey/IdeaProjects/amali/blogging-platform-v3/src/main/java/com/example/demo/mapper/MongoCommentMapper.java:[19,47] cannot find symbol
[ERROR]   symbol:   method getAuthorEmail()
[ERROR]   location: variable comment of type com.example.demo.model.Comment
[ERROR] /Users/alfreddey/IdeaProjects/amali/blogging-platform-v3/src/main/java/com/example/demo/mapper/MongoCommentMapper.java:[20,40] cannot find symbol
[ERROR]   symbol:   method getText()
[ERROR]   location: variable comment of type com.example.demo.model.Comment
[ERROR] /Users/alfreddey/IdeaProjects/amali/blogging-platform-v3/src/main/java/com/example/demo/mapper/MongoCommentMapper.java:[31,39] cannot find symbol
[ERROR]   symbol:   method getAuthorEmail()
[ERROR]   location: variable request of type com.example.demo.dto.CommentRequest
[ERROR] /Users/alfreddey/IdeaProjects/amali/blogging-platform-v3/src/main/java/com/example/demo/mapper/MongoCommentMapper.java:[32,32] cannot find symbol
[ERROR]   symbol:   method getText()
[ERROR]   location: variable request of type com.example.demo.dto.CommentRequest
[ERROR] /Users/alfreddey/IdeaProjects/amali/blogging-platform-v3/src/main/java/com/example/demo/mapper/MongoCommentMapper.java:[41,31] cannot find symbol
[ERROR]   symbol:   method getId()
[ERROR]   location: variable comment of type com.example.demo.model.Comment
[ERROR] /Users/alfreddey/IdeaProjects/amali/blogging-platform-v3/src/main/java/com/example/demo/mapper/MongoCommentMapper.java:[42,33] cannot find symbol
[ERROR]   symbol:   method getText()
[ERROR]   location: variable comment of type com.example.demo.model.Comment
[ERROR] /Users/alfreddey/IdeaProjects/amali/blogging-platform-v3/src/main/java/com/example/demo/mapper/MongoCommentMapper.java:[43,40] cannot find symbol
[ERROR]   symbol:   method getAuthorEmail()
[ERROR]   location: variable comment of type com.example.demo.model.Comment
[ERROR] /Users/alfreddey/IdeaProjects/amali/blogging-platform-v3/src/main/java/com/example/demo/mapper/MongoCommentMapper.java:[44,38] cannot find symbol
[ERROR]   symbol:   method getCreatedAt()
[ERROR]   location: variable comment of type com.example.demo.model.Comment
[ERROR] /Users/alfreddey/IdeaProjects/amali/blogging-platform-v3/src/main/java/com/example/demo/mapper/MongoPostMapper.java:[21,28] cannot find symbol
[ERROR]   symbol:   method getId()
[ERROR]   location: variable post of type com.example.demo.model.Post
[ERROR] /Users/alfreddey/IdeaProjects/amali/blogging-platform-v3/src/main/java/com/example/demo/mapper/MongoPostMapper.java:[22,31] cannot find symbol
[ERROR]   symbol:   method getTitle()
[ERROR]   location: variable post of type com.example.demo.model.Post
[ERROR] /Users/alfreddey/IdeaProjects/amali/blogging-platform-v3/src/main/java/com/example/demo/mapper/MongoPostMapper.java:[23,33] cannot find symbol
[ERROR]   symbol:   method getContent()
[ERROR]   location: variable post of type com.example.demo.model.Post
[ERROR] /Users/alfreddey/IdeaProjects/amali/blogging-platform-v3/src/main/java/com/example/demo/mapper/MongoPostMapper.java:[24,37] cannot find symbol
[ERROR]   symbol:   method getAuthorEmail()
[ERROR]   location: variable post of type com.example.demo.model.Post
[ERROR] /Users/alfreddey/IdeaProjects/amali/blogging-platform-v3/src/main/java/com/example/demo/mapper/MongoPostMapper.java:[25,30] cannot find symbol
[ERROR]   symbol:   method getTags()
[ERROR]   location: variable post of type com.example.demo.model.Post
[ERROR] /Users/alfreddey/IdeaProjects/amali/blogging-platform-v3/src/main/java/com/example/demo/mapper/MongoPostMapper.java:[26,35] cannot find symbol
[ERROR]   symbol:   method getCreatedAt()
[ERROR]   location: variable post of type com.example.demo.model.Post
[ERROR] /Users/alfreddey/IdeaProjects/amali/blogging-platform-v3/src/main/java/com/example/demo/mapper/MongoPostMapper.java:[35,30] cannot find symbol
[ERROR]   symbol:   method getTitle()
[ERROR]   location: variable request of type com.example.demo.dto.PostRequest
[ERROR] /Users/alfreddey/IdeaProjects/amali/blogging-platform-v3/src/main/java/com/example/demo/mapper/MongoPostMapper.java:[36,32] cannot find symbol
[ERROR]   symbol:   method getContent()
[ERROR]   location: variable request of type com.example.demo.dto.PostRequest
[ERROR] /Users/alfreddey/IdeaProjects/amali/blogging-platform-v3/src/main/java/com/example/demo/mapper/MongoPostMapper.java:[37,36] cannot find symbol
[ERROR]   symbol:   method getAuthorEmail()
[ERROR]   location: variable request of type com.example.demo.dto.PostRequest
[ERROR] /Users/alfreddey/IdeaProjects/amali/blogging-platform-v3/src/main/java/com/example/demo/mapper/MongoPostMapper.java:[38,13] cannot find symbol
[ERROR]   symbol:   method setTags(request.ge[...]ist())
[ERROR]   location: variable post of type com.example.demo.model.Post
[ERROR] /Users/alfreddey/IdeaProjects/amali/blogging-platform-v3/src/main/java/com/example/demo/mapper/MongoPostMapper.java:[38,29] cannot find symbol
[ERROR]   symbol:   method getTags()
[ERROR]   location: variable request of type com.example.demo.dto.PostRequest
[ERROR] /Users/alfreddey/IdeaProjects/amali/blogging-platform-v3/src/main/java/com/example/demo/mapper/MongoPostMapper.java:[38,57] cannot find symbol
[ERROR]   symbol:   method getTags()
[ERROR]   location: variable request of type com.example.demo.dto.PostRequest
[ERROR] /Users/alfreddey/IdeaProjects/amali/blogging-platform-v3/src/main/java/com/example/demo/mapper/MongoPostMapper.java:[39,13] cannot find symbol
[ERROR]   symbol:   method setComments(java.util.List<java.lang.Object>)
[ERROR]   location: variable post of type com.example.demo.model.Post
[ERROR] /Users/alfreddey/IdeaProjects/amali/blogging-platform-v3/src/main/java/com/example/demo/mapper/MongoPostMapper.java:[47,13] cannot find symbol
[ERROR]   symbol:   method setId(java.lang.String)
[ERROR]   location: variable post of type com.example.demo.model.Post
[ERROR] /Users/alfreddey/IdeaProjects/amali/blogging-platform-v3/src/main/java/com/example/demo/mapper/MongoPostMapper.java:[48,13] cannot find symbol
[ERROR]   symbol:   method setTitle(java.lang.String)
[ERROR]   location: variable post of type com.example.demo.model.Post
[ERROR] /Users/alfreddey/IdeaProjects/amali/blogging-platform-v3/src/main/java/com/example/demo/mapper/MongoPostMapper.java:[49,13] cannot find symbol
[ERROR]   symbol:   method setContent(java.lang.String)
[ERROR]   location: variable post of type com.example.demo.model.Post
[ERROR] /Users/alfreddey/IdeaProjects/amali/blogging-platform-v3/src/main/java/com/example/demo/mapper/MongoPostMapper.java:[50,13] cannot find symbol
[ERROR]   symbol:   method setAuthorEmail(java.lang.String)
[ERROR]   location: variable post of type com.example.demo.model.Post
[ERROR] /Users/alfreddey/IdeaProjects/amali/blogging-platform-v3/src/main/java/com/example/demo/mapper/MongoPostMapper.java:[51,13] cannot find symbol
[ERROR]   symbol:   method setCreatedAt(java.util.Date)
[ERROR]   location: variable post of type com.example.demo.model.Post
[ERROR] /Users/alfreddey/IdeaProjects/amali/blogging-platform-v3/src/main/java/com/example/demo/mapper/MongoPostMapper.java:[55,13] cannot find symbol
[ERROR]   symbol:   method setTags(tags != nu[...]ist())
[ERROR]   location: variable post of type com.example.demo.model.Post
[ERROR] /Users/alfreddey/IdeaProjects/amali/blogging-platform-v3/src/main/java/com/example/demo/mapper/MongoPostMapper.java:[66,17] cannot find symbol
[ERROR]   symbol:   method setComments(java.util.ArrayList<com.example.demo.model.Comment>)
[ERROR]   location: variable post of type com.example.demo.model.Post
[ERROR] /Users/alfreddey/IdeaProjects/amali/blogging-platform-v3/src/main/java/com/example/demo/mapper/MongoPostMapper.java:[68,17] cannot find symbol
[ERROR]   symbol:   method setComments(java.util.List<java.lang.Object>)
[ERROR]   location: variable post of type com.example.demo.model.Post
[ERROR] /Users/alfreddey/IdeaProjects/amali/blogging-platform-v3/src/main/java/com/example/demo/mapper/MongoPostMapper.java:[77,38] cannot find symbol
[ERROR]   symbol:   method getTitle()
[ERROR]   location: variable post of type com.example.demo.model.Post
[ERROR] /Users/alfreddey/IdeaProjects/amali/blogging-platform-v3/src/main/java/com/example/demo/mapper/MongoPostMapper.java:[78,40] cannot find symbol
[ERROR]   symbol:   method getContent()
[ERROR]   location: variable post of type com.example.demo.model.Post
[ERROR] /Users/alfreddey/IdeaProjects/amali/blogging-platform-v3/src/main/java/com/example/demo/mapper/MongoPostMapper.java:[79,44] cannot find symbol
[ERROR]   symbol:   method getAuthorEmail()
[ERROR]   location: variable post of type com.example.demo.model.Post
[ERROR] /Users/alfreddey/IdeaProjects/amali/blogging-platform-v3/src/main/java/com/example/demo/mapper/MongoPostMapper.java:[80,37] cannot find symbol
[ERROR]   symbol:   method getTags()
[ERROR]   location: variable post of type com.example.demo.model.Post
[ERROR] /Users/alfreddey/IdeaProjects/amali/blogging-platform-v3/src/main/java/com/example/demo/mapper/MongoPostMapper.java:[82,31] cannot find symbol
[ERROR]   symbol:   method getComments()
[ERROR]   location: variable post of type com.example.demo.model.Post
[ERROR] /Users/alfreddey/IdeaProjects/amali/blogging-platform-v3/src/main/java/com/example/demo/mapper/MongoPostMapper.java:[98,16] cannot find symbol
[ERROR]   symbol:   method setId(java.lang.String)
[ERROR]   location: variable comment of type com.example.demo.model.Comment
[ERROR] /Users/alfreddey/IdeaProjects/amali/blogging-platform-v3/src/main/java/com/example/demo/mapper/MongoPostMapper.java:[99,16] cannot find symbol
[ERROR]   symbol:   method setAuthorEmail(java.lang.String)
[ERROR]   location: variable comment of type com.example.demo.model.Comment
[ERROR] /Users/alfreddey/IdeaProjects/amali/blogging-platform-v3/src/main/java/com/example/demo/mapper/MongoPostMapper.java:[100,16] cannot find symbol
[ERROR]   symbol:   method setText(java.lang.String)
[ERROR]   location: variable comment of type com.example.demo.model.Comment
[ERROR] /Users/alfreddey/IdeaProjects/amali/blogging-platform-v3/src/main/java/com/example/demo/controller/PostRestController.java:[82,65] cannot find symbol
[ERROR]   symbol:   method getContent()
[ERROR]   location: variable request of type com.example.demo.dto.PostRequest
[ERROR] /Users/alfreddey/IdeaProjects/amali/blogging-platform-v3/src/main/java/com/example/demo/utils/PostSorts.java:[29,28] cannot find symbol
[ERROR]   symbol:   method getTitle()
[ERROR]   location: class com.example.demo.model.Post
[ERROR] /Users/alfreddey/IdeaProjects/amali/blogging-platform-v3/src/main/java/com/example/demo/utils/PostSorts.java:[29,62] cannot find symbol
[ERROR]   symbol:   method getTitle()
[ERROR]   location: class com.example.demo.model.Post
[ERROR] -> [Help 1]
[ERROR] 
[ERROR] To see the full stack trace of the errors, re-run Maven with the -e switch.
[ERROR] Re-run Maven using the -X switch to enable full debug logging.
[ERROR] 
[ERROR] For more information about the errors and possible solutions, please read the following articles:
[ERROR] [Help 1] http://cwiki.apache.org/confluence/display/MAVEN/MojoFailureException
